[
{
    "fields": {
        "total_for": 1,
        "description": "",
        "reference": "TEST-COM-VOTE",
        "title": "LIBE vote on Test Committee Vote",
        "dossier": [
            "2012/2002(INI)"
        ],
        "kind": "committee-vote",
        "datetime": "2012-10-23T16:31:10Z",
        "total_against": 1,
        "total_abstain": 0
    },
    "model": "representatives_votes.proposal"
},
{
    "fields": {
        "representative_name": "",
        "position": "abstain",
        "proposal": [
            "A7-0234/2012 -  Charles Goerens - \u00a7 31",
            "2012/2002(INI)"
        ],
        "representative": [
            "olle-ludvigsson-1948-10-28"
        ]
    },
    "model": "representatives_votes.vote",
    "pk": 1
},
{
    "fields": {
        "representative_name": "",
        "position": "abstain",
        "proposal": [
            "A7-0234/2012 -  Charles Goerens - \u00a7 31",
            "2012/2002(INI)"
        ],
        "representative": [
            "hubert-pirker-1948-10-03"
        ]
    },
    "model": "representatives_votes.vote",
    "pk": 2
},
{
    "fields": {
        "representative_name": "",
        "position": "for",
        "proposal": [
            "A7-0234/2012 -  Charles Goerens - R\u00e9solution",
            "2012/2002(INI)"
        ],
        "representative": [
            "olle-ludvigsson-1948-10-28"
        ]
    },
    "model": "representatives_votes.vote",
    "pk": 3
},
{
    "fields": {
        "representative_name": "",
        "position": "for",
        "proposal": [
            "A7-0234/2012 -  Charles Goerens - R\u00e9solution",
            "2012/2002(INI)"
        ],
        "representative": [
            "hubert-pirker-1948-10-03"
        ]
    },
    "model": "representatives_votes.vote",
    "pk": 4
},
{
    "fields": {
        "representative_name": "",
        "position": "against",
        "proposal": [
            "A8-0298/2015 -  Jos\u00e9 Manuel Fernandes et  G\u00e9rard Deprez - Am 4",
            "2015/2132(BUD)"
        ],
        "representative": [
            "olle-ludvigsson-1948-10-28"
        ]
    },
    "model": "representatives_votes.vote",
    "pk": 5
},
{
    "fields": {
        "representative_name": "",
        "position": "against",
        "proposal": [
            "A8-0298/2015 -  Jos\u00e9 Manuel Fernandes et  G\u00e9rard Deprez - Am 4",
            "2015/2132(BUD)"
        ],
        "representative": [
            "hubert-pirker-1948-10-03"
        ]
    },
    "model": "representatives_votes.vote",
    "pk": 6
},
{
    "fields": {
        "representative_name": "",
        "position": "for",
        "proposal": [
            "A8-0298/2015 -  Jos\u00e9 Manuel Fernandes et  G\u00e9rard Deprez - Am 29",
            "2015/2132(BUD)"
        ],
        "representative": [
            "hubert-pirker-1948-10-03"
        ]
    },
    "model": "representatives_votes.vote",
    "pk": 7
},
{
    "fields": {
        "representative_name": "",
        "position": "against",
        "proposal": [
            "A8-0298/2015 -  Jos\u00e9 Manuel Fernandes et  G\u00e9rard Deprez - Am 29",
            "2015/2132(BUD)"
        ],
        "representative": [
            "olle-ludvigsson-1948-10-28"
        ]
    },
    "model": "representatives_votes.vote",
    "pk": 8
},
{
    "fields": {
        "representative_name": "",
        "position": "abstain",
        "proposal": [
            "A8-0298/2015 -  Jos\u00e9 Manuel Fernandes et  G\u00e9rard Deprez - Am 31",
            "2015/2132(BUD)"
        ],
        "representative": [
            "hubert-pirker-1948-10-03"
        ]
    },
    "model": "representatives_votes.vote",
    "pk": 9
},
{
    "fields": {
        "representative_name": "",
        "position": "against",
        "proposal": [
            "A8-0298/2015 -  Jos\u00e9 Manuel Fernandes et  G\u00e9rard Deprez - Am 31",
            "2015/2132(BUD)"
        ],
        "representative": [
            "olle-ludvigsson-1948-10-28"
        ]
    },
    "model": "representatives_votes.vote",
    "pk": 10
},
{
    "fields": {
        "representative_name": "",
        "position": "for",
        "proposal": [
            "A8-0298/2015 -  Jos\u00e9 Manuel Fernandes et  G\u00e9rard Deprez - Am 30",
            "2015/2132(BUD)"
        ],
        "representative": [
            "hubert-pirker-1948-10-03"
        ]
    },
    "model": "representatives_votes.vote",
    "pk": 11
},
{
    "fields": {
        "representative_name": "",
        "position": "for",
        "proposal": [
            "LIBE vote on Test Committee Vote",
            "2012/2002(INI)"
        ],
        "representative": [
            "hubert-pirker-1948-10-03"
        ]
    },
    "model": "representatives_votes.vote",
    "pk": 12
},
{
    "fields": {
        "representative_name": "",
        "position": "against",
        "proposal": [
            "LIBE vote on Test Committee Vote",
            "2012/2002(INI)"
        ],
        "representative": [
            "olle-ludvigsson-1948-10-28"
        ]
    },
    "model": "representatives_votes.vote",
    "pk": 13
}
]
